// Vitest Snapshot v1, https://vitest.dev/guide/snapshot.html

exports[`settings store exported shape > should keep the accounting settings store surface stable 1`] = `
{
  "calculatePastCostBasis": "value",
  "costBasisMethod": "value",
  "ethStakingTaxableAfterWithdrawalEnabled": "value",
  "includeCrypto2crypto": "value",
  "includeFeesInCostBasis": "value",
  "includeGasCosts": "value",
  "pnlCsvHaveSummary": "value",
  "pnlCsvWithFormulas": "value",
  "settings": "value",
  "taxfreeAfterPeriod": "value",
  "update": "action",
  "useAssetCollectionsInCostBasis": "value",
}
`;

exports[`settings store exported shape > should keep the frontend settings store surface stable 1`] = `
{
  "abbreviateNumber": "value",
  "amountRoundingMode": "value",
  "autoDetectTokensCooldownHours": "value",
  "autoDetectTokensOnLogin": "value",
  "balanceValueThreshold": "value",
  "blockchainRefreshButtonBehaviour": "value",
  "currencyLocation": "value",
  "darkTheme": "value",
  "dashboardTablesVisibleColumns": "value",
  "dateInputFormat": "value",
  "decimalSeparator": "value",
  "defaultThemeVersion": "value",
  "defiSetupDone": "value",
  "enableAliasNames": "value",
  "enablePasswordConfirmation": "value",
  "evmQueryIndicatorDismissalThreshold": "value",
  "evmQueryIndicatorMinOutOfSyncPeriod": "value",
  "explorers": "value",
  "gnosisPaySafeMigrationLastNotified": "value",
  "gnosisPaySafeMigrationNeverNotify": "value",
  "graphZeroBased": "value",
  "ignoreSnapshotError": "value",
  "itemsPerPage": "value",
  "language": "value",
  "lastAppliedSettingsVersion": "value",
  "lastAutoDetectAt": "value",
  "lastKnownTimeframe": "value",
  "lastPasswordConfirmed": "value",
  "lightTheme": "value",
  "minimumDigitToBeAbbreviated": "value",
  "newlyDetectedTokensMaxCount": "value",
  "newlyDetectedTokensTtlDays": "value",
  "nftsInNetValue": "value",
  "notifyNewNfts": "value",
  "passwordConfirmationInterval": "value",
  "pendingSuggestions": "value",
  "persistPrivacySettings": "value",
  "persistTableSorting": "value",
  "privacyMode": "value",
  "profitLossReportPeriod": "value",
  "queryPeriod": "value",
  "refreshPeriod": "value",
  "renderAllNftImages": "value",
  "savedFilters": "value",
  "scrambleData": "value",
  "scrambleMultiplier": "value",
  "selectedTheme": "value",
  "settings": "value",
  "shouldShowAmount": "value",
  "shouldShowPercentage": "value",
  "showGraphRangeSelector": "value",
  "showSuggestionsDialog": "value",
  "subscriptDecimals": "value",
  "suppressNoIndexerChains": "value",
  "thousandSeparator": "value",
  "timeframeSetting": "value",
  "update": "action",
  "useHistoricalAssetBalances": "value",
  "valueRoundingMode": "value",
  "versionUpdateCheckFrequency": "value",
  "visibleTimeframes": "value",
  "whitelistedDomainsForNftImages": "value",
}
`;

exports[`settings store exported shape > should keep the general settings store surface stable 1`] = `
{
  "activeModules": "value",
  "addressNamePriority": "value",
  "askUserUponSizeDiscrepancy": "value",
  "assetMovementAmountTolerance": "value",
  "assetMovementTimeRange": "value",
  "autoCreateCalendarReminders": "value",
  "autoCreateProfitEvents": "value",
  "autoDeleteCalendarEntries": "value",
  "autoDetectTokens": "value",
  "balanceSaveFrequency": "value",
  "beaconRpcEndpoint": "value",
  "btcDerivationGapLimit": "value",
  "btcMempoolApi": "value",
  "connectTimeout": "value",
  "csvExportDelimiter": "value",
  "currency": "value",
  "currencySymbol": "value",
  "currentPriceOracles": "value",
  "dateDisplayFormat": "value",
  "defaultEvmIndexerOrder": "value",
  "disabledChainQueries": "value",
  "displayDateInLocaltime": "value",
  "dotRpcEndpoint": "value",
  "evmIndexersOrder": "value",
  "evmchainsToSkipDetection": "value",
  "floatingPrecision": "value",
  "historicalPriceOracles": "value",
  "inferZeroTimedBalances": "value",
  "internalTxConflictRepullFrequency": "value",
  "internalTxsToRepull": "value",
  "ksmRpcEndpoint": "value",
  "nonSyncingExchanges": "value",
  "oraclePenaltyDuration": "value",
  "oraclePenaltyThresholdCount": "value",
  "queryRetryLimit": "value",
  "readTimeout": "value",
  "settings": "value",
  "ssfGraphMultiplier": "value",
  "submitUsageAnalytics": "value",
  "suppressMissingKeyMsgServices": "value",
  "treatEth2AsEth": "value",
  "update": "action",
}
`;

exports[`settings store exported shape > should keep the session settings store surface stable 1`] = `
{
  "animationsEnabled": "value",
  "connectedExchanges": "value",
  "setAnimationsEnabled": "action",
  "setConnectedExchanges": "action",
  "settings": "value",
  "timeframe": "value",
  "update": "action",
}
`;
